frame_utils | get_frame | line 218 | ERROR | 2025-12-26 04:26:05,059 | Request error while downloading frame 4021 from episode 2: _ssl.c:1015: The handshake operation timed out
Traceback (most recent call last):
  File "/opt/hostedtoolcache/Python/3.13.11/x64/lib/python3.13/site-packages/httpx/_transports/default.py", line 101, in map_httpcore_exceptions
    yield
  File "/opt/hostedtoolcache/Python/3.13.11/x64/lib/python3.13/site-packages/httpx/_transports/default.py", line 250, in handle_request
    resp = self._pool.handle_request(req)
  File "/opt/hostedtoolcache/Python/3.13.11/x64/lib/python3.13/site-packages/httpcore/_sync/connection_pool.py", line 256, in handle_request
    raise exc from None
  File "/opt/hostedtoolcache/Python/3.13.11/x64/lib/python3.13/site-packages/httpcore/_sync/connection_pool.py", line 236, in handle_request
    response = connection.handle_request(
        pool_request.request
    )
  File "/opt/hostedtoolcache/Python/3.13.11/x64/lib/python3.13/site-packages/httpcore/_sync/connection.py", line 101, in handle_request
    raise exc
  File "/opt/hostedtoolcache/Python/3.13.11/x64/lib/python3.13/site-packages/httpcore/_sync/connection.py", line 78, in handle_request
    stream = self._connect(request)
  File "/opt/hostedtoolcache/Python/3.13.11/x64/lib/python3.13/site-packages/httpcore/_sync/connection.py", line 156, in _connect
    stream = stream.start_tls(**kwargs)
  File "/opt/hostedtoolcache/Python/3.13.11/x64/lib/python3.13/site-packages/httpcore/_backends/sync.py", line 154, in start_tls
    with map_exceptions(exc_map):
         ~~~~~~~~~~~~~~^^^^^^^^^
  File "/opt/hostedtoolcache/Python/3.13.11/x64/lib/python3.13/contextlib.py", line 162, in __exit__
    self.gen.throw(value)
    ~~~~~~~~~~~~~~^^^^^^^
  File "/opt/hostedtoolcache/Python/3.13.11/x64/lib/python3.13/site-packages/httpcore/_exceptions.py", line 14, in map_exceptions
    raise to_exc(exc) from exc
httpcore.ConnectTimeout: _ssl.c:1015: The handshake operation timed out

The above exception was the direct cause of the following exception:

Traceback (most recent call last):
  File "/home/runner/work/ERTPFIO---Narita/ERTPFIO---Narita/src/frame_utils.py", line 198, in get_frame
    response = client.get(frame_url)
  File "/opt/hostedtoolcache/Python/3.13.11/x64/lib/python3.13/site-packages/httpx/_client.py", line 1053, in get
    return self.request(
           ~~~~~~~~~~~~^
        "GET",
        ^^^^^^
    ...<7 lines>...
        extensions=extensions,
        ^^^^^^^^^^^^^^^^^^^^^^
    )
    ^
  File "/opt/hostedtoolcache/Python/3.13.11/x64/lib/python3.13/site-packages/httpx/_client.py", line 825, in request
    return self.send(request, auth=auth, follow_redirects=follow_redirects)
           ~~~~~~~~~^^^^^^^^^^^^^^^^^^^^^^^^^^^^^^^^^^^^^^^^^^^^^^^^^^^^^^^
  File "/opt/hostedtoolcache/Python/3.13.11/x64/lib/python3.13/site-packages/httpx/_client.py", line 914, in send
    response = self._send_handling_auth(
        request,
    ...<2 lines>...
        history=[],
    )
  File "/opt/hostedtoolcache/Python/3.13.11/x64/lib/python3.13/site-packages/httpx/_client.py", line 942, in _send_handling_auth
    response = self._send_handling_redirects(
        request,
        follow_redirects=follow_redirects,
        history=history,
    )
  File "/opt/hostedtoolcache/Python/3.13.11/x64/lib/python3.13/site-packages/httpx/_client.py", line 979, in _send_handling_redirects
    response = self._send_single_request(request)
  File "/opt/hostedtoolcache/Python/3.13.11/x64/lib/python3.13/site-packages/httpx/_client.py", line 1014, in _send_single_request
    response = transport.handle_request(request)
  File "/opt/hostedtoolcache/Python/3.13.11/x64/lib/python3.13/site-packages/httpx/_transports/default.py", line 249, in handle_request
    with map_httpcore_exceptions():
         ~~~~~~~~~~~~~~~~~~~~~~~^^
  File "/opt/hostedtoolcache/Python/3.13.11/x64/lib/python3.13/contextlib.py", line 162, in __exit__
    self.gen.throw(value)
    ~~~~~~~~~~~~~~^^^^^^^
  File "/opt/hostedtoolcache/Python/3.13.11/x64/lib/python3.13/site-packages/httpx/_transports/default.py", line 118, in map_httpcore_exceptions
    raise mapped_exc(message) from exc
httpx.ConnectTimeout: _ssl.c:1015: The handshake operation timed out
main | main | line 84 | ERROR | 2025-12-26 04:26:05,072 | Error while downloading frame 4021 from episode 02.
frame_utils | get_frame | line 205 | ERROR | 2026-02-17 20:37:15,461 | HTTP error while downloading frame 2812 from episode 4: 503 - 
<?xml version="1.0" encoding="utf-8"?>
<!DOCTYPE html PUBLIC "-//W3C//DTD XHTML 1.0 Strict//EN"
 "http://www.w3.org/TR/xhtml1/DTD/xhtml1-strict.dtd">
<html>
  <head>
    <title>503 between bytes timeout</title>
  </head>
  <body>
    <h1>Error 503 between bytes timeout</h1>
    <p>between bytes timeout</p>
    <h3>Error 54113</h3>
    <p>Details: cache-chi-kigq8000051-CHI 1771360635 1528392732</p>
    <hr>
    <p>Varnish cache server</p>
  </body>
</html>
NoneType: None
main | main | line 84 | ERROR | 2026-02-17 20:37:15,461 | Error while downloading frame 2812 from episode 04.
main | main | line 35 | ERROR | 2026-03-07 10:11:58,552 | Current episode (5) is not configured or empty
main | main | line 35 | ERROR | 2026-03-07 12:20:33,713 | Current episode (5) is not configured or empty
main | main | line 35 | ERROR | 2026-03-07 14:13:04,990 | Current episode (5) is not configured or empty
main | main | line 35 | ERROR | 2026-03-07 16:13:32,784 | Current episode (5) is not configured or empty
main | main | line 35 | ERROR | 2026-03-07 18:16:36,657 | Current episode (5) is not configured or empty
main | main | line 35 | ERROR | 2026-03-07 20:11:37,225 | Current episode (5) is not configured or empty
main | main | line 35 | ERROR | 2026-03-07 22:10:23,274 | Current episode (5) is not configured or empty
main | main | line 35 | ERROR | 2026-03-08 01:01:17,041 | Current episode (5) is not configured or empty
main | main | line 35 | ERROR | 2026-03-08 03:59:21,101 | Current episode (5) is not configured or empty
main | main | line 35 | ERROR | 2026-03-08 05:08:33,806 | Current episode (5) is not configured or empty
